新闻频道,http://tvcdn.stream3.hndt.com/tv/65bb6966017e100059b75a8500000000_transios/playlist.m3u8?wsSecret=57d0cb2b8bbf82d25c17ff9a6b300ea3&wsTime=1790895817
CGTN纪录,http://ott.fj.chinamobile.com/PLTV/88888888/224/3221225813/index.m3u8
都市频道,http://tvcdn.stream3.hndt.com/tv/65c3fbc5017e1000fde13faa00000000_transios/playlist.m3u8?wsSecret=ab212f6def5c8d90ac52a2e5f656d10c&wsTime=1790895817
福建综合,http://ott.fj.chinamobile.com/PLTV/88888888/224/3221227149/index.m3u8
民生频道,http://tvcdn.stream3.hndt.com/tv/65bef28a017e10009c49d5f900000000_transios/playlist.m3u8?wsSecret=e4ff28c8583a8a4529496432a6d623d7&wsTime=1790895817
福建新闻,http://ott.fj.chinamobile.com/PLTV/88888888/224/3221227180/index.m3u8
法治频道,http://tvcdn.stream3.hndt.com/tv/65be54a9017e1000af59fb4800000000_transios/playlist.m3u8?wsSecret=f1ae8b044d5ec8c67db61a782c925cf1&wsTime=1790895817
福建经济,http://ott.fj.chinamobile.com/PLTV/88888888/224/3221227184/index.m3u8
公共频道,http://tvcdn.stream3.hndt.com/tv/65b93894017e10000ae6b07d00000000_transios/playlist.m3u8?wsSecret=8833943042a6e3d64bf7d8ac40554c0b&wsTime=1790895817
福建旅游,http://ott.fj.chinamobile.com/PLTV/88888888/224/3221227190/index.m3u8
河南乡村频道,http://tvcdn.stream3.hndt.com/tv/65b8302b017e100019dc540f00000000_transios/playlist.m3u8?wsSecret=0ad9a7d0b7d1877c9a61588002bf29dd&wsTime=1790895817
海峡卫视,http://ott.fj.chinamobile.com/PLTV/88888888/224/3221227198/index.m3u8
电视剧频道,http://tvcdn.stream3.hndt.com/tv/65bd329b017e1000648cd2ed00000000_transios/playlist.m3u8?wsSecret=1e7ed6727808f98a81f7dcc2a6950657&wsTime=1790895817
厦门卫视,http://ott.fj.chinamobile.com/PLTV/88888888/224/3221226781/index.m3u8
梨园频道,https://dxtx.hntv.tv/live/lypd.m3u8?txSecret=10c771842a0be59e8b575d765173ec96&txTime=7B923E0A&wsSecret=18a007da465bb79db24063c44bd3be96&wsTime=1790895817
陕西卫视 标清,http://ott.fj.chinamobile.com/PLTV/88888888/224/3221227221/index.m3u8
文物宝库,https://dxtx.hntv.tv/live/wwbk.m3u8?txSecret=317b89626134fd6bea6e129455b5ff18&txTime=7C4C635C&wsSecret=45b152b96ea60ee1447798f5bf604b04&wsTime=1790895817
内蒙古卫视 标清,http://ott.fj.chinamobile.com/PLTV/88888888/224/3221227244/index.m3u8
武术频道,https://dxtx.hntv.tv/live/wssj.m3u8?txSecret=c38b4d31ba4c45c6babb5c47132123e3&txTime=7ABB976A&wsSecret=1d4d197553e2c8444973ccbf1b561d1d&wsTime=1790895817
新疆卫视 标清,http://ott.fj.chinamobile.com/PLTV/88888888/224/3221227248/index.m3u8
睛彩中原,https://dxtx.hntv.tv/live/jczy.m3u8?txSecret=e785008e49564e5e738439b4dd2ae68e&txTime=7C4C6207&wsSecret=c4c882b40d79b2e9444508b33919b732&wsTime=1790895817
西藏卫视 标清,http://ott.fj.chinamobile.com/PLTV/88888888/224/3221227217/index.m3u8
国学频道,http://tvcdn.stream3.hndt.com/tv/647f9277018410008cf925e200000000_transios/playlist.m3u8?wsSecret=804015611528d7e9bae213c11c359347&wsTime=1790895817
哈哈炫动 标清,http://ott.fj.chinamobile.com/PLTV/88888888/224/3221227335/index.m3u8
欢腾购物,http://tvcdn.stream3.hndt.com/tv/65ba653b017e1000d4ee41c700000000_transios/playlist.m3u8?wsSecret=41bdcd7a838e8e5efc667ccdc01c6614&wsTime=1790895817
深圳卫视 4K,http://ott.fj.chinamobile.com/PLTV/88888888/224/3221227489/index.m3u8
CCTV4美洲,http://hlsztemgsplive.miguvideo.com:8080/migu/kailu/20200324/cctv4meihd/50/index.m3u8?msisdn=20260930220301ad02696ff7fd4a049107805521ca00ad&mdspid=&spid=699004&netType=0&sid=2200179344&pid=2028597139&timestamp=20260930220301&Channel_ID=0116_2600000900-99000-201600010010027&ProgramID=608807416&ParentNodeID=-99&assertID=2200179344&client_ip=171.8.79.254&SecurityKey=20260930220301&promotionId=&mvid=2200179344&mcid=500020&playurlVersion=WX-A1-9.9.2-SNAPSHOT&userid=&jmhm=&videocodec=h264&appCode=miguvideo_android&bean=mgspad&tid=android&conFee=0&encrypt=dc582c3d316a200227e6c3710c65ce47
山西卫视 标清,http://ott.fj.chinamobile.com/PLTV/88888888/224/3221225839/index.m3u8
CCTV4欧洲,http://hlsztemgsplive.miguvideo.com:8080/migu/kailu/20200324/cctv4ouhd/50/index.m3u8?msisdn=20260930220301975a82de0f11436da71b04502fd26fb8&mdspid=&spid=699004&netType=0&sid=2200179315&pid=2028597139&timestamp=20260930220301&Channel_ID=0116_2600000900-99000-201600010010027&ProgramID=608807419&ParentNodeID=-99&assertID=2200179315&client_ip=171.8.79.254&SecurityKey=20260930220301&promotionId=&mvid=2200179315&mcid=500020&playurlVersion=WX-A1-9.9.2-SNAPSHOT&userid=&jmhm=&videocodec=h264&appCode=miguvideo_android&bean=mgspad&tid=android&conFee=0&encrypt=d5fe8228693545ccda10fc1a31d6ec34
宁夏卫视 标清,http://ott.fj.chinamobile.com/PLTV/88888888/224/3221225849/index.m3u8
CHC影迷电影,http://38.75.136.137:98/gslb/dsdqpub/chchd.m3u8?auth=testpub
新疆卫视 标清,http://ott.fj.chinamobile.com/PLTV/88888888/224/3221225852/index.m3u8
东方卫视4K,http://bp-resource-dfl.bestv.cn/148/3/video.m3u8
晴彩篮球,http://ott.fj.chinamobile.com/PLTV/88888888/224/3221227158/index.m3u8
东方卫视4K,https://bp-resource-dfl.bestv.cn/148/3/video.m3u8
晴彩广场舞,http://ott.fj.chinamobile.com/PLTV/88888888/224/3221227343/index.m3u8
安多卫视,https://liveout.xntv.tv/a65jur/96iln2.m3u8
CETV4,http://ott.fj.chinamobile.com/PLTV/88888888/224/3221227192/index.m3u8
兵团卫视,http://genglei.8866.org:9901/tsfile/live/1037_1.m3u8?key=txiptv&playlive=1&authid=0
金鹰纪实,http://ott.fj.chinamobile.com/PLTV/88888888/224/3221226937/index.m3u8
兵团卫视,http://hlsztemgsplive.miguvideo.com:8080/migu/kailu/btws/50/20250804/index.m3u8?msisdn=202609302203066ad40e1a3dfb45a893c40a97e4ff7de0&mdspid=&spid=600697&netType=0&sid=5910022192&pid=2028597139&timestamp=20260930220306&Channel_ID=0116_2600000900-99000-201600010010027&ProgramID=956923145&ParentNodeID=-99&assertID=5910022192&client_ip=171.8.79.254&SecurityKey=20260930220306&promotionId=&mvid=5900006716&mcid=500020&playurlVersion=WX-A1-9.9.2-SNAPSHOT&userid=&jmhm=&videocodec=h264&appCode=miguvideo_android&bean=mgspad&tid=android&conFee=0&encrypt=dc17815de3c13be836e3c06632f4c6e9
