Category: 📺   央视频道, Name: CCTV-1, Total: 9, Valid: 4, Valid Percent: 44.44%, Whitelist: 0, IPv4: 8, IPv6: 1, Min Delay: 4187 ms, Max Speed: 0.42 M/s, Avg Speed: 0.21 M/s, Max Resolution: 1920x1080
Category: 📺   央视频道, Name: CCTV-2, Total: 8, Valid: 3, Valid Percent: 37.50%, Whitelist: 0, IPv4: 7, IPv6: 1, Min Delay: 8250 ms, Max Speed: 0.81 M/s, Avg Speed: 0.32 M/s, Max Resolution: 1920x1080
Category: 📺   央视频道, Name: CCTV-3, Total: 9, Valid: 4, Valid Percent: 44.44%, Whitelist: 0, IPv4: 8, IPv6: 1, Min Delay: 2562 ms, Max Speed: 0.41 M/s, Avg Speed: 0.11 M/s, Max Resolution: 1920x1080
Category: 📺   央视频道, Name: CCTV-4, Total: 5, Valid: 1, Valid Percent: 20.00%, Whitelist: 0, IPv4: 4, IPv6: 1, Min Delay: 8633 ms, Max Speed: 0.03 M/s, Avg Speed: 0.03 M/s, Max Resolution: None
Category: 📺   央视频道, Name: CCTV-5, Total: 10, Valid: 4, Valid Percent: 40.00%, Whitelist: 0, IPv4: 9, IPv6: 1, Min Delay: 8159 ms, Max Speed: 0.50 M/s, Avg Speed: 0.18 M/s, Max Resolution: 1920x1080
Category: 📺   央视频道, Name: CCTV-5+, Total: 3, Valid: 1, Valid Percent: 33.33%, Whitelist: 0, IPv4: 3, IPv6: 0, Min Delay: 8792 ms, Max Speed: 0.05 M/s, Avg Speed: 0.05 M/s, Max Resolution: None
Category: 📺   央视频道, Name: CCTV-7, Total: 4, Valid: 0, Valid Percent: 0.00%, Whitelist: 0, IPv4: 3, IPv6: 1, Min Delay: 8138 ms, Max Speed: 0.00 M/s, Avg Speed: 0.00 M/s, Max Resolution: None
Category: 📺   央视频道, Name: CCTV-6, Total: 9, Valid: 4, Valid Percent: 44.44%, Whitelist: 0, IPv4: 8, IPv6: 1, Min Delay: 5463 ms, Max Speed: 0.30 M/s, Avg Speed: 0.14 M/s, Max Resolution: 1920x1080
Category: 📺   央视频道, Name: CCTV-8, Total: 8, Valid: 3, Valid Percent: 37.50%, Whitelist: 0, IPv4: 7, IPv6: 1, Min Delay: 8155 ms, Max Speed: 0.12 M/s, Avg Speed: 0.10 M/s, Max Resolution: 1920x1080
Category: 📺   央视频道, Name: CCTV-9, Total: 9, Valid: 2, Valid Percent: 22.22%, Whitelist: 0, IPv4: 8, IPv6: 1, Min Delay: 1409 ms, Max Speed: 0.11 M/s, Avg Speed: 0.08 M/s, Max Resolution: 1920x1080
Category: 📺   央视频道, Name: CCTV-10, Total: 6, Valid: 0, Valid Percent: 0.00%, Whitelist: 0, IPv4: 5, IPv6: 1, Min Delay: 8197 ms, Max Speed: 0.00 M/s, Avg Speed: 0.00 M/s, Max Resolution: None
Category: 📺   央视频道, Name: CCTV-11, Total: 8, Valid: 3, Valid Percent: 37.50%, Whitelist: 0, IPv4: 7, IPv6: 1, Min Delay: 6575 ms, Max Speed: 1.11 M/s, Avg Speed: 0.60 M/s, Max Resolution: 720x576
Category: 📺   央视频道, Name: CCTV-12, Total: 7, Valid: 2, Valid Percent: 28.57%, Whitelist: 0, IPv4: 6, IPv6: 1, Min Delay: 8127 ms, Max Speed: 0.27 M/s, Avg Speed: 0.19 M/s, Max Resolution: 720x576
Category: 📺   央视频道, Name: CCTV-13, Total: 8, Valid: 5, Valid Percent: 62.50%, Whitelist: 0, IPv4: 7, IPv6: 1, Min Delay: 4187 ms, Max Speed: 1.67 M/s, Avg Speed: 0.46 M/s, Max Resolution: 1920x1080
Category: 💰   央视付费频道, Name: 文化精品, Total: 1, Valid: 0, Valid Percent: 0.00%, Whitelist: 0, IPv4: 1, IPv6: 0, Min Delay: -1 ms, Max Speed: 0.00 M/s, Avg Speed: 0.00 M/s, Max Resolution: None
Category: 💰   央视付费频道, Name: 央视台球, Total: 1, Valid: 0, Valid Percent: 0.00%, Whitelist: 0, IPv4: 1, IPv6: 0, Min Delay: -1 ms, Max Speed: 0.00 M/s, Avg Speed: 0.00 M/s, Max Resolution: None
Category: 💰   央视付费频道, Name: 风云剧场, Total: 1, Valid: 0, Valid Percent: 0.00%, Whitelist: 0, IPv4: 1, IPv6: 0, Min Delay: -1 ms, Max Speed: 0.00 M/s, Avg Speed: 0.00 M/s, Max Resolution: None
Category: 📺   央视频道, Name: CCTV-16, Total: 4, Valid: 2, Valid Percent: 50.00%, Whitelist: 0, IPv4: 4, IPv6: 0, Min Delay: 8441 ms, Max Speed: 0.17 M/s, Avg Speed: 0.10 M/s, Max Resolution: None
Category: 💰   央视付费频道, Name: 高尔夫网球, Total: 1, Valid: 0, Valid Percent: 0.00%, Whitelist: 0, IPv4: 1, IPv6: 0, Min Delay: -1 ms, Max Speed: 0.00 M/s, Avg Speed: 0.00 M/s, Max Resolution: None
Category: 📺   央视频道, Name: CCTV-14, Total: 7, Valid: 1, Valid Percent: 14.29%, Whitelist: 0, IPv4: 6, IPv6: 1, Min Delay: 8015 ms, Max Speed: 0.08 M/s, Avg Speed: 0.08 M/s, Max Resolution: None
Category: 📺   央视频道, Name: CCTV-15, Total: 5, Valid: 2, Valid Percent: 40.00%, Whitelist: 0, IPv4: 5, IPv6: 0, Min Delay: 8062 ms, Max Speed: 0.97 M/s, Avg Speed: 0.50 M/s, Max Resolution: None
Category: 💰   央视付费频道, Name: 风云音乐, Total: 2, Valid: 1, Valid Percent: 50.00%, Whitelist: 0, IPv4: 2, IPv6: 0, Min Delay: 8130 ms, Max Speed: 0.09 M/s, Avg Speed: 0.09 M/s, Max Resolution: 1920x1080
Category: 💰   央视付费频道, Name: 兵器科技, Total: 1, Valid: 0, Valid Percent: 0.00%, Whitelist: 0, IPv4: 1, IPv6: 0, Min Delay: -1 ms, Max Speed: 0.00 M/s, Avg Speed: 0.00 M/s, Max Resolution: None
Category: 💰   央视付费频道, Name: 第一剧场, Total: 2, Valid: 1, Valid Percent: 50.00%, Whitelist: 0, IPv4: 2, IPv6: 0, Min Delay: 8220 ms, Max Speed: 0.07 M/s, Avg Speed: 0.07 M/s, Max Resolution: None
Category: 💰   央视付费频道, Name: 怀旧剧场, Total: 2, Valid: 1, Valid Percent: 50.00%, Whitelist: 0, IPv4: 2, IPv6: 0, Min Delay: 8806 ms, Max Speed: 0.07 M/s, Avg Speed: 0.07 M/s, Max Resolution: None
Category: 💰   央视付费频道, Name: 女性时尚, Total: 2, Valid: 1, Valid Percent: 50.00%, Whitelist: 0, IPv4: 2, IPv6: 0, Min Delay: 8034 ms, Max Speed: 0.08 M/s, Avg Speed: 0.08 M/s, Max Resolution: None
Category: 💰   央视付费频道, Name: 风云足球, Total: 3, Valid: 2, Valid Percent: 66.67%, Whitelist: 0, IPv4: 3, IPv6: 0, Min Delay: 8434 ms, Max Speed: 0.16 M/s, Avg Speed: 0.10 M/s, Max Resolution: 1920x1080
Category: 💰   央视付费频道, Name: 世界地理, Total: 2, Valid: 1, Valid Percent: 50.00%, Whitelist: 0, IPv4: 2, IPv6: 0, Min Delay: 8955 ms, Max Speed: 0.05 M/s, Avg Speed: 0.05 M/s, Max Resolution: 1920x1080
Category: 📺   央视频道, Name: CCTV-17, Total: 5, Valid: 2, Valid Percent: 40.00%, Whitelist: 0, IPv4: 5, IPv6: 0, Min Delay: 8031 ms, Max Speed: 0.83 M/s, Avg Speed: 0.51 M/s, Max Resolution: 720x576
Category: 📡   卫视频道, Name: 香港卫视, Total: 6, Valid: 2, Valid Percent: 33.33%, Whitelist: 0, IPv4: 6, IPv6: 0, Min Delay: 8282 ms, Max Speed: 0.30 M/s, Avg Speed: 0.29 M/s, Max Resolution: 1280x720
Category: 📡   卫视频道, Name: 广东卫视, Total: 10, Valid: 4, Valid Percent: 40.00%, Whitelist: 0, IPv4: 9, IPv6: 1, Min Delay: 3479 ms, Max Speed: 0.70 M/s, Avg Speed: 0.29 M/s, Max Resolution: 1920x1080
Category: 📡   卫视频道, Name: 浙江卫视, Total: 9, Valid: 5, Valid Percent: 55.56%, Whitelist: 0, IPv4: 8, IPv6: 1, Min Delay: 1701 ms, Max Speed: 0.82 M/s, Avg Speed: 0.38 M/s, Max Resolution: 1920x1080
Category: 📡   卫视频道, Name: 湖南卫视, Total: 10, Valid: 4, Valid Percent: 40.00%, Whitelist: 0, IPv4: 9, IPv6: 1, Min Delay: 1435 ms, Max Speed: 1.03 M/s, Avg Speed: 0.58 M/s, Max Resolution: 1920x1080
Category: 📡   卫视频道, Name: 北京卫视, Total: 11, Valid: 5, Valid Percent: 45.45%, Whitelist: 0, IPv4: 10, IPv6: 1, Min Delay: 2657 ms, Max Speed: 1.09 M/s, Avg Speed: 0.55 M/s, Max Resolution: 1920x1080
Category: 📡   卫视频道, Name: 湖北卫视, Total: 9, Valid: 4, Valid Percent: 44.44%, Whitelist: 0, IPv4: 8, IPv6: 1, Min Delay: 7425 ms, Max Speed: 0.71 M/s, Avg Speed: 0.58 M/s, Max Resolution: 1920x1080
Category: 📡   卫视频道, Name: 黑龙江卫视, Total: 9, Valid: 4, Valid Percent: 44.44%, Whitelist: 0, IPv4: 7, IPv6: 2, Min Delay: 8207 ms, Max Speed: 0.91 M/s, Avg Speed: 0.42 M/s, Max Resolution: 1920x1080
Category: 📡   卫视频道, Name: 安徽卫视, Total: 7, Valid: 3, Valid Percent: 42.86%, Whitelist: 0, IPv4: 6, IPv6: 1, Min Delay: 8151 ms, Max Speed: 0.25 M/s, Avg Speed: 0.11 M/s, Max Resolution: 1920x1080
Category: 📡   卫视频道, Name: 重庆卫视, Total: 6, Valid: 2, Valid Percent: 33.33%, Whitelist: 0, IPv4: 5, IPv6: 1, Min Delay: 8168 ms, Max Speed: 0.67 M/s, Avg Speed: 0.42 M/s, Max Resolution: 1920x1080
Category: 📡   卫视频道, Name: 东方卫视, Total: 8, Valid: 6, Valid Percent: 75.00%, Whitelist: 0, IPv4: 7, IPv6: 1, Min Delay: 2235 ms, Max Speed: 1.18 M/s, Avg Speed: 0.55 M/s, Max Resolution: 1920x1080
Category: 📡   卫视频道, Name: 东南卫视, Total: 7, Valid: 3, Valid Percent: 42.86%, Whitelist: 0, IPv4: 6, IPv6: 1, Min Delay: 2801 ms, Max Speed: 0.84 M/s, Avg Speed: 0.51 M/s, Max Resolution: 1920x1080
Category: 📡   卫视频道, Name: 甘肃卫视, Total: 6, Valid: 4, Valid Percent: 66.67%, Whitelist: 0, IPv4: 6, IPv6: 0, Min Delay: 8013 ms, Max Speed: 0.50 M/s, Avg Speed: 0.19 M/s, Max Resolution: 720x576
Category: 📡   卫视频道, Name: 广西卫视, Total: 8, Valid: 5, Valid Percent: 62.50%, Whitelist: 0, IPv4: 8, IPv6: 0, Min Delay: 5148 ms, Max Speed: 0.61 M/s, Avg Speed: 0.28 M/s, Max Resolution: 1920x1080
Category: 📡   卫视频道, Name: 贵州卫视, Total: 4, Valid: 2, Valid Percent: 50.00%, Whitelist: 0, IPv4: 4, IPv6: 0, Min Delay: 8198 ms, Max Speed: 0.98 M/s, Avg Speed: 0.52 M/s, Max Resolution: 1920x1080
Category: 📡   卫视频道, Name: 海南卫视, Total: 2, Valid: 1, Valid Percent: 50.00%, Whitelist: 0, IPv4: 2, IPv6: 0, Min Delay: 3797 ms, Max Speed: 0.75 M/s, Avg Speed: 0.75 M/s, Max Resolution: 1920x1080
Category: 📡   卫视频道, Name: 河北卫视, Total: 7, Valid: 2, Valid Percent: 28.57%, Whitelist: 0, IPv4: 4, IPv6: 3, Min Delay: 1722 ms, Max Speed: 0.37 M/s, Avg Speed: 0.25 M/s, Max Resolution: 1920x1080
Category: 📡   卫视频道, Name: 河南卫视, Total: 8, Valid: 5, Valid Percent: 62.50%, Whitelist: 0, IPv4: 8, IPv6: 0, Min Delay: 1983 ms, Max Speed: 0.41 M/s, Avg Speed: 0.22 M/s, Max Resolution: 1920x1080
Category: 📡   卫视频道, Name: 吉林卫视, Total: 7, Valid: 5, Valid Percent: 71.43%, Whitelist: 0, IPv4: 7, IPv6: 0, Min Delay: 3080 ms, Max Speed: 1.10 M/s, Avg Speed: 0.43 M/s, Max Resolution: 1920x1080
Category: 📡   卫视频道, Name: 江苏卫视, Total: 7, Valid: 3, Valid Percent: 42.86%, Whitelist: 0, IPv4: 6, IPv6: 1, Min Delay: 8026 ms, Max Speed: 0.60 M/s, Avg Speed: 0.37 M/s, Max Resolution: 1920x1080
Category: 📡   卫视频道, Name: 江西卫视, Total: 8, Valid: 3, Valid Percent: 37.50%, Whitelist: 0, IPv4: 7, IPv6: 1, Min Delay: 3160 ms, Max Speed: 0.77 M/s, Avg Speed: 0.44 M/s, Max Resolution: 1920x1080
Category: 📡   卫视频道, Name: 内蒙古卫视, Total: 6, Valid: 4, Valid Percent: 66.67%, Whitelist: 0, IPv4: 6, IPv6: 0, Min Delay: 3668 ms, Max Speed: 0.92 M/s, Avg Speed: 0.31 M/s, Max Resolution: 720x576
Category: 📡   卫视频道, Name: 辽宁卫视, Total: 11, Valid: 7, Valid Percent: 63.64%, Whitelist: 0, IPv4: 10, IPv6: 1, Min Delay: 558 ms, Max Speed: 0.97 M/s, Avg Speed: 0.32 M/s, Max Resolution: 1920x1080
Category: 📡   卫视频道, Name: 宁夏卫视, Total: 3, Valid: 2, Valid Percent: 66.67%, Whitelist: 0, IPv4: 3, IPv6: 0, Min Delay: 8294 ms, Max Speed: 0.39 M/s, Avg Speed: 0.22 M/s, Max Resolution: 720x576
Category: 📡   卫视频道, Name: 青海卫视, Total: 4, Valid: 2, Valid Percent: 50.00%, Whitelist: 0, IPv4: 3, IPv6: 1, Min Delay: 2953 ms, Max Speed: 0.66 M/s, Avg Speed: 0.35 M/s, Max Resolution: 1920x1080
Category: 📡   卫视频道, Name: 山东卫视, Total: 7, Valid: 4, Valid Percent: 57.14%, Whitelist: 0, IPv4: 6, IPv6: 1, Min Delay: 4181 ms, Max Speed: 0.85 M/s, Avg Speed: 0.58 M/s, Max Resolution: 1920x1080
Category: 📡   卫视频道, Name: 山西卫视, Total: 14, Valid: 10, Valid Percent: 71.43%, Whitelist: 0, IPv4: 14, IPv6: 0, Min Delay: 4873 ms, Max Speed: 1.07 M/s, Avg Speed: 0.36 M/s, Max Resolution: 1920x1080
Category: 📡   卫视频道, Name: 陕西卫视, Total: 9, Valid: 5, Valid Percent: 55.56%, Whitelist: 0, IPv4: 9, IPv6: 0, Min Delay: 3000 ms, Max Speed: 0.56 M/s, Avg Speed: 0.22 M/s, Max Resolution: 720x576
Category: 📡   卫视频道, Name: 四川卫视, Total: 5, Valid: 2, Valid Percent: 40.00%, Whitelist: 0, IPv4: 4, IPv6: 1, Min Delay: 2859 ms, Max Speed: 0.81 M/s, Avg Speed: 0.48 M/s, Max Resolution: 1920x1080
Category: 📡   卫视频道, Name: 三沙卫视, Total: 1, Valid: 1, Valid Percent: 100.00%, Whitelist: 0, IPv4: 1, IPv6: 0, Min Delay: 2414 ms, Max Speed: 0.21 M/s, Avg Speed: 0.21 M/s, Max Resolution: 1280x720
Category: 📡   卫视频道, Name: 深圳卫视, Total: 9, Valid: 4, Valid Percent: 44.44%, Whitelist: 0, IPv4: 8, IPv6: 1, Min Delay: 8096 ms, Max Speed: 0.43 M/s, Avg Speed: 0.26 M/s, Max Resolution: 1920x1080
Category: 📡   卫视频道, Name: 天津卫视, Total: 7, Valid: 4, Valid Percent: 57.14%, Whitelist: 0, IPv4: 6, IPv6: 1, Min Delay: 7296 ms, Max Speed: 1.57 M/s, Avg Speed: 0.54 M/s, Max Resolution: 1920x1080
Category: 📡   卫视频道, Name: 西藏卫视, Total: 8, Valid: 4, Valid Percent: 50.00%, Whitelist: 0, IPv4: 8, IPv6: 0, Min Delay: 1260 ms, Max Speed: 0.82 M/s, Avg Speed: 0.39 M/s, Max Resolution: 1920x1080
Category: ⛰️   山东地方, Name: 山东生活, Total: 1, Valid: 0, Valid Percent: 0.00%, Whitelist: 0, IPv4: 1, IPv6: 0, Min Delay: 378 ms, Max Speed: 0.00 M/s, Avg Speed: 0.00 M/s, Max Resolution: None
Category: ⛰️   山东地方, Name: 山东新闻, Total: 1, Valid: 0, Valid Percent: 0.00%, Whitelist: 0, IPv4: 1, IPv6: 0, Min Delay: 250 ms, Max Speed: 0.00 M/s, Avg Speed: 0.00 M/s, Max Resolution: None
Category: ⛰️   山东地方, Name: 山东综艺, Total: 1, Valid: 0, Valid Percent: 0.00%, Whitelist: 0, IPv4: 1, IPv6: 0, Min Delay: 233 ms, Max Speed: 0.00 M/s, Avg Speed: 0.00 M/s, Max Resolution: None
Category: ⛰️   山东地方, Name: 山东农科, Total: 1, Valid: 0, Valid Percent: 0.00%, Whitelist: 0, IPv4: 1, IPv6: 0, Min Delay: 243 ms, Max Speed: 0.00 M/s, Avg Speed: 0.00 M/s, Max Resolution: None
Category: 🪁   动画频道, Name: 金鹰卡通, Total: 1, Valid: 0, Valid Percent: 0.00%, Whitelist: 0, IPv4: 1, IPv6: 0, Min Delay: -1 ms, Max Speed: 0.00 M/s, Avg Speed: 0.00 M/s, Max Resolution: None
Category: ⛰️   山东地方, Name: 山东文旅, Total: 1, Valid: 0, Valid Percent: 0.00%, Whitelist: 0, IPv4: 1, IPv6: 0, Min Delay: 341 ms, Max Speed: 0.00 M/s, Avg Speed: 0.00 M/s, Max Resolution: None
Category: ⛰️   山东地方, Name: 山东少儿, Total: 1, Valid: 0, Valid Percent: 0.00%, Whitelist: 0, IPv4: 1, IPv6: 0, Min Delay: 257 ms, Max Speed: 0.00 M/s, Avg Speed: 0.00 M/s, Max Resolution: None
Category: 📡   卫视频道, Name: 新疆卫视, Total: 8, Valid: 5, Valid Percent: 62.50%, Whitelist: 0, IPv4: 8, IPv6: 0, Min Delay: 2230 ms, Max Speed: 1.11 M/s, Avg Speed: 0.36 M/s, Max Resolution: 720x576
Category: 🪁   动画频道, Name: 浙江少儿, Total: 2, Valid: 1, Valid Percent: 50.00%, Whitelist: 0, IPv4: 2, IPv6: 0, Min Delay: 2391 ms, Max Speed: 0.26 M/s, Avg Speed: 0.26 M/s, Max Resolution: 640x360
Category: 📡   卫视频道, Name: 云南卫视, Total: 11, Valid: 7, Valid Percent: 63.64%, Whitelist: 0, IPv4: 11, IPv6: 0, Min Delay: 2620 ms, Max Speed: 0.84 M/s, Avg Speed: 0.37 M/s, Max Resolution: 1920x1080
Category: 🪁   动画频道, Name: 动漫秀场, Total: 2, Valid: 0, Valid Percent: 0.00%, Whitelist: 0, IPv4: 2, IPv6: 0, Min Delay: -1 ms, Max Speed: 0.00 M/s, Avg Speed: 0.00 M/s, Max Resolution: None
